EASY Error
CustomCompPort: 270

EASY Error
Runner:211

MEDIUM Errror
TimeHelpers:5

DIFFICULT Error
Filemenuview: 170